[INFO] Scanning for projects...
[INFO] 
[INFO] -----------------------< com.umurimo:umurimoHub >-----------------------
[INFO] Building umurimoHub 1.0-SNAPSHOT
[INFO]   from pom.xml
[INFO] --------------------------------[ war ]---------------------------------
[INFO] 
[INFO] --- clean:3.2.0:clean (default-clean) @ umurimoHub ---
[INFO] Deleting C:\Users\user\Documents\YEAR 2\Group projects\TERM I\Ecommerce\umurimoHub\target
[INFO] 
[INFO] --- resources:3.3.1:resources (default-resources) @ umurimoHub ---
[INFO] Copying 1 resource from src\main\resources to target\classes
[INFO] 
[INFO] --- compiler:3.13.0:compile (default-compile) @ umurimoHub ---
[INFO] Recompiling the module because of changed source code.
[INFO] Compiling 56 source files with javac [debug target 21] to target\classes
[INFO] -------------------------------------------------------------
[ERROR] COMPILATION ERROR : 
[INFO] -------------------------------------------------------------
[ERROR] /C:/Users/user/Documents/YEAR 2/Group projects/TERM I/Ecommerce/umurimoHub/src/main/java/com/umurimo/umurimohub/websockets/ChatEndpoint.java:[19,38] cannot find symbol
  symbol:   class Session
  location: class com.umurimo.umurimohub.websockets.ChatEndpoint
[ERROR] /C:/Users/user/Documents/YEAR 2/Group projects/TERM I/Ecommerce/umurimoHub/src/main/java/com/umurimo/umurimohub/websockets/ChatEndpoint.java:[24,24] cannot find symbol
  symbol:   class Session
  location: class com.umurimo.umurimohub.websockets.ChatEndpoint
[ERROR] /C:/Users/user/Documents/YEAR 2/Group projects/TERM I/Ecommerce/umurimoHub/src/main/java/com/umurimo/umurimohub/websockets/ChatEndpoint.java:[30,47] cannot find symbol
  symbol:   class Session
  location: class com.umurimo.umurimohub.websockets.ChatEndpoint
[ERROR] /C:/Users/user/Documents/YEAR 2/Group projects/TERM I/Ecommerce/umurimoHub/src/main/java/com/umurimo/umurimohub/websockets/ChatEndpoint.java:[73,25] cannot find symbol
  symbol:   class Session
  location: class com.umurimo.umurimohub.websockets.ChatEndpoint
[ERROR] /C:/Users/user/Documents/YEAR 2/Group projects/TERM I/Ecommerce/umurimoHub/src/main/java/com/umurimo/umurimohub/websockets/ChatEndpoint.java:[79,25] cannot find symbol
  symbol:   class Session
  location: class com.umurimo.umurimohub.websockets.ChatEndpoint
[ERROR] /C:/Users/user/Documents/YEAR 2/Group projects/TERM I/Ecommerce/umurimoHub/src/main/java/com/umurimo/umurimohub/websockets/ChatEndpoint.java:[7,1] package jakarta.websocket does not exist
[ERROR] /C:/Users/user/Documents/YEAR 2/Group projects/TERM I/Ecommerce/umurimoHub/src/main/java/com/umurimo/umurimohub/websockets/ChatEndpoint.java:[23,6] cannot find symbol
  symbol:   class OnOpen
  location: class com.umurimo.umurimohub.websockets.ChatEndpoint
[ERROR] /C:/Users/user/Documents/YEAR 2/Group projects/TERM I/Ecommerce/umurimoHub/src/main/java/com/umurimo/umurimohub/websockets/ChatEndpoint.java:[29,6] cannot find symbol
  symbol:   class OnMessage
  location: class com.umurimo.umurimohub.websockets.ChatEndpoint
[ERROR] /C:/Users/user/Documents/YEAR 2/Group projects/TERM I/Ecommerce/umurimoHub/src/main/java/com/umurimo/umurimohub/websockets/ChatEndpoint.java:[72,6] cannot find symbol
  symbol:   class OnClose
  location: class com.umurimo.umurimohub.websockets.ChatEndpoint
[ERROR] /C:/Users/user/Documents/YEAR 2/Group projects/TERM I/Ecommerce/umurimoHub/src/main/java/com/umurimo/umurimohub/websockets/ChatEndpoint.java:[78,6] cannot find symbol
  symbol:   class OnError
  location: class com.umurimo.umurimohub.websockets.ChatEndpoint
[ERROR] /C:/Users/user/Documents/YEAR 2/Group projects/TERM I/Ecommerce/umurimoHub/src/main/java/com/umurimo/umurimohub/websockets/ChatEndpoint.java:[59,17] cannot find symbol
  symbol:   class Session
  location: class com.umurimo.umurimohub.websockets.ChatEndpoint
[INFO] 11 errors 
[INFO] -------------------------------------------------------------
[INFO] ------------------------------------------------------------------------
[INFO] BUILD FAILURE
[INFO] ------------------------------------------------------------------------
[INFO] Total time:  9.383 s
[INFO] Finished at: 2026-03-13T07:20:45+02:00
[INFO] ------------------------------------------------------------------------
[ERROR] Failed to execute goal org.apache.maven.plugins:maven-compiler-plugin:3.13.0:compile (default-compile) on project umurimoHub: Compilation failure: Compilation failure: 
[ERROR] /C:/Users/user/Documents/YEAR 2/Group projects/TERM I/Ecommerce/umurimoHub/src/main/java/com/umurimo/umurimohub/websockets/ChatEndpoint.java:[19,38] cannot find symbol
[ERROR]   symbol:   class Session
[ERROR]   location: class com.umurimo.umurimohub.websockets.ChatEndpoint
[ERROR] /C:/Users/user/Documents/YEAR 2/Group projects/TERM I/Ecommerce/umurimoHub/src/main/java/com/umurimo/umurimohub/websockets/ChatEndpoint.java:[24,24] cannot find symbol
[ERROR]   symbol:   class Session
[ERROR]   location: class com.umurimo.umurimohub.websockets.ChatEndpoint
[ERROR] /C:/Users/user/Documents/YEAR 2/Group projects/TERM I/Ecommerce/umurimoHub/src/main/java/com/umurimo/umurimohub/websockets/ChatEndpoint.java:[30,47] cannot find symbol
[ERROR]   symbol:   class Session
[ERROR]   location: class com.umurimo.umurimohub.websockets.ChatEndpoint
[ERROR] /C:/Users/user/Documents/YEAR 2/Group projects/TERM I/Ecommerce/umurimoHub/src/main/java/com/umurimo/umurimohub/websockets/ChatEndpoint.java:[73,25] cannot find symbol
[ERROR]   symbol:   class Session
[ERROR]   location: class com.umurimo.umurimohub.websockets.ChatEndpoint
[ERROR] /C:/Users/user/Documents/YEAR 2/Group projects/TERM I/Ecommerce/umurimoHub/src/main/java/com/umurimo/umurimohub/websockets/ChatEndpoint.java:[79,25] cannot find symbol
[ERROR]   symbol:   class Session
[ERROR]   location: class com.umurimo.umurimohub.websockets.ChatEndpoint
[ERROR] /C:/Users/user/Documents/YEAR 2/Group projects/TERM I/Ecommerce/umurimoHub/src/main/java/com/umurimo/umurimohub/websockets/ChatEndpoint.java:[7,1] package jakarta.websocket does not exist
[ERROR] /C:/Users/user/Documents/YEAR 2/Group projects/TERM I/Ecommerce/umurimoHub/src/main/java/com/umurimo/umurimohub/websockets/ChatEndpoint.java:[23,6] cannot find symbol
[ERROR]   symbol:   class OnOpen
[ERROR]   location: class com.umurimo.umurimohub.websockets.ChatEndpoint
[ERROR] /C:/Users/user/Documents/YEAR 2/Group projects/TERM I/Ecommerce/umurimoHub/src/main/java/com/umurimo/umurimohub/websockets/ChatEndpoint.java:[29,6] cannot find symbol
[ERROR]   symbol:   class OnMessage
[ERROR]   location: class com.umurimo.umurimohub.websockets.ChatEndpoint
[ERROR] /C:/Users/user/Documents/YEAR 2/Group projects/TERM I/Ecommerce/umurimoHub/src/main/java/com/umurimo/umurimohub/websockets/ChatEndpoint.java:[72,6] cannot find symbol
[ERROR]   symbol:   class OnClose
[ERROR]   location: class com.umurimo.umurimohub.websockets.ChatEndpoint
[ERROR] /C:/Users/user/Documents/YEAR 2/Group projects/TERM I/Ecommerce/umurimoHub/src/main/java/com/umurimo/umurimohub/websockets/ChatEndpoint.java:[78,6] cannot find symbol
[ERROR]   symbol:   class OnError
[ERROR]   location: class com.umurimo.umurimohub.websockets.ChatEndpoint
[ERROR] /C:/Users/user/Documents/YEAR 2/Group projects/TERM I/Ecommerce/umurimoHub/src/main/java/com/umurimo/umurimohub/websockets/ChatEndpoint.java:[59,17] cannot find symbol
[ERROR]   symbol:   class Session
[ERROR]   location: class com.umurimo.umurimohub.websockets.ChatEndpoint
[ERROR] -> [Help 1]
[ERROR] 
[ERROR] To see the full stack trace of the errors, re-run Maven with the -e switch.
[ERROR] Re-run Maven using the -X switch to enable full debug logging.
[ERROR] 
[ERROR] For more information about the errors and possible solutions, please read the following articles:
[ERROR] [Help 1] http://cwiki.apache.org/confluence/display/MAVEN/MojoFailureException
